// Jest Snapshot v1, https://goo.gl/fbAQLP

exports[`Navbar renders correctly 1`] = `
ShallowWrapper {
  "length": 1,
  Symbol(enzyme.__root__): [Circular],
  Symbol(enzyme.__unrendered__): <Navbar />,
  Symbol(enzyme.__renderer__): Object {
    "batchedUpdates": [Function],
    "getNode": [Function],
    "render": [Function],
    "simulateEvent": [Function],
    "unmount": [Function],
  },
  Symbol(enzyme.__node__): Object {
    "instance": null,
    "key": undefined,
    "nodeType": "host",
    "props": Object {
      "children": <ul>
        <NavLink
                activeClassName="nav__link--selected"
                ariaCurrent="true"
                className="nav__link"
                exact={true}
                to="/"
        >
                Search
        </NavLink>
        <NavLink
                activeClassName="nav__link--selected"
                ariaCurrent="true"
                className="nav__link"
                exact={true}
                to="/results"
        >
                Results
        </NavLink>
        <NavLink
                activeClassName="nav__link--selected"
                ariaCurrent="true"
                className="nav__link"
                exact={true}
                to="/about"
        >
                About
        </NavLink>
</ul>,
      "className": "nav",
    },
    "ref": null,
    "rendered": Object {
      "instance": null,
      "key": undefined,
      "nodeType": "host",
      "props": Object {
        "children": Array [
          <NavLink
            activeClassName="nav__link--selected"
            ariaCurrent="true"
            className="nav__link"
            exact={true}
            to="/"
>
            Search
</NavLink>,
          <NavLink
            activeClassName="nav__link--selected"
            ariaCurrent="true"
            className="nav__link"
            exact={true}
            to="/results"
>
            Results
</NavLink>,
          <NavLink
            activeClassName="nav__link--selected"
            ariaCurrent="true"
            className="nav__link"
            exact={true}
            to="/about"
>
            About
</NavLink>,
        ],
      },
      "ref": null,
      "rendered": Array [
        Object {
          "instance": null,
          "key": "/",
          "nodeType": "function",
          "props": Object {
            "activeClassName": "nav__link--selected",
            "ariaCurrent": "true",
            "children": "Search",
            "className": "nav__link",
            "exact": true,
            "to": "/",
          },
          "ref": null,
          "rendered": "Search",
          "type": [Function],
        },
        Object {
          "instance": null,
          "key": "/results",
          "nodeType": "function",
          "props": Object {
            "activeClassName": "nav__link--selected",
            "ariaCurrent": "true",
            "children": "Results",
            "className": "nav__link",
            "exact": true,
            "to": "/results",
          },
          "ref": null,
          "rendered": "Results",
          "type": [Function],
        },
        Object {
          "instance": null,
          "key": "/about",
          "nodeType": "function",
          "props": Object {
            "activeClassName": "nav__link--selected",
            "ariaCurrent": "true",
            "children": "About",
            "className": "nav__link",
            "exact": true,
            "to": "/about",
          },
          "ref": null,
          "rendered": "About",
          "type": [Function],
        },
      ],
      "type": "ul",
    },
    "type": "nav",
  },
  Symbol(enzyme.__nodes__): Array [
    Object {
      "instance": null,
      "key": undefined,
      "nodeType": "host",
      "props": Object {
        "children": <ul>
          <NavLink
                    activeClassName="nav__link--selected"
                    ariaCurrent="true"
                    className="nav__link"
                    exact={true}
                    to="/"
          >
                    Search
          </NavLink>
          <NavLink
                    activeClassName="nav__link--selected"
                    ariaCurrent="true"
                    className="nav__link"
                    exact={true}
                    to="/results"
          >
                    Results
          </NavLink>
          <NavLink
                    activeClassName="nav__link--selected"
                    ariaCurrent="true"
                    className="nav__link"
                    exact={true}
                    to="/about"
          >
                    About
          </NavLink>
</ul>,
        "className": "nav",
      },
      "ref": null,
      "rendered": Object {
        "instance": null,
        "key": undefined,
        "nodeType": "host",
        "props": Object {
          "children": Array [
            <NavLink
              activeClassName="nav__link--selected"
              ariaCurrent="true"
              className="nav__link"
              exact={true}
              to="/"
>
              Search
</NavLink>,
            <NavLink
              activeClassName="nav__link--selected"
              ariaCurrent="true"
              className="nav__link"
              exact={true}
              to="/results"
>
              Results
</NavLink>,
            <NavLink
              activeClassName="nav__link--selected"
              ariaCurrent="true"
              className="nav__link"
              exact={true}
              to="/about"
>
              About
</NavLink>,
          ],
        },
        "ref": null,
        "rendered": Array [
          Object {
            "instance": null,
            "key": "/",
            "nodeType": "function",
            "props": Object {
              "activeClassName": "nav__link--selected",
              "ariaCurrent": "true",
              "children": "Search",
              "className": "nav__link",
              "exact": true,
              "to": "/",
            },
            "ref": null,
            "rendered": "Search",
            "type": [Function],
          },
          Object {
            "instance": null,
            "key": "/results",
            "nodeType": "function",
            "props": Object {
              "activeClassName": "nav__link--selected",
              "ariaCurrent": "true",
              "children": "Results",
              "className": "nav__link",
              "exact": true,
              "to": "/results",
            },
            "ref": null,
            "rendered": "Results",
            "type": [Function],
          },
          Object {
            "instance": null,
            "key": "/about",
            "nodeType": "function",
            "props": Object {
              "activeClassName": "nav__link--selected",
              "ariaCurrent": "true",
              "children": "About",
              "className": "nav__link",
              "exact": true,
              "to": "/about",
            },
            "ref": null,
            "rendered": "About",
            "type": [Function],
          },
        ],
        "type": "ul",
      },
      "type": "nav",
    },
  ],
  Symbol(enzyme.__options__): Object {
    "adapter": ReactSixteenAdapter {
      "options": Object {
        "enableComponentDidUpdateOnSetState": true,
      },
    },
  },
}
`;
